// Jest Snapshot v1, https://goo.gl/fbAQLP

exports[`Header component Snapshot matchs 1`] = `
<div
  className="Wrapper"
>
  <div
    className="Header"
  >
    <div
      className="Title"
    >
      Image Search
    </div>
    <div
      className="Subtitle"
    >
      A Flickr Search Gallery using react & redux
    </div>
  </div>
</div>
`;
